Device: cuda
Training model
Epoch 1, Train Loss: 274.2109
Epoch 1, Validation Loss: 285.3275
Saved epoch checkpoint models/abl_attention_170k/model_1.pth
Saved new best model
Epoch 2, Train Loss: 258.6439
Epoch 2, Validation Loss: 252.6360
Saved epoch checkpoint models/abl_attention_170k/model_2.pth
Saved new best model
Epoch 3, Train Loss: 251.0395
Epoch 3, Validation Loss: 242.3280
Saved epoch checkpoint models/abl_attention_170k/model_3.pth
Saved new best model
Epoch 4, Train Loss: 246.2068
Epoch 4, Validation Loss: 241.4915
Saved epoch checkpoint models/abl_attention_170k/model_4.pth
Saved new best model
Epoch 5, Train Loss: 242.5198
Epoch 5, Validation Loss: 238.8132
Saved epoch checkpoint models/abl_attention_170k/model_5.pth
Saved new best model
Epoch 6, Train Loss: 239.4307
Epoch 6, Validation Loss: 235.1460
Saved epoch checkpoint models/abl_attention_170k/model_6.pth
Saved new best model
Epoch 7, Train Loss: 236.7627
Epoch 7, Validation Loss: 234.5927
Saved epoch checkpoint models/abl_attention_170k/model_7.pth
Saved new best model
Epoch 8, Train Loss: 234.3071
Epoch 8, Validation Loss: 233.3393
Saved epoch checkpoint models/abl_attention_170k/model_8.pth
Saved new best model
Epoch 9, Train Loss: 231.8996
Epoch 9, Validation Loss: 230.3137
Saved epoch checkpoint models/abl_attention_170k/model_9.pth
Saved new best model
Epoch 10, Train Loss: 229.9281
Epoch 10, Validation Loss: 229.2314
Saved epoch checkpoint models/abl_attention_170k/model_10.pth
Saved new best model
Epoch 11, Train Loss: 227.5388
Epoch 11, Validation Loss: 241.0936
Saved epoch checkpoint models/abl_attention_170k/model_11.pth
Epoch 12, Train Loss: 225.5684
Epoch 12, Validation Loss: 232.2803
Saved epoch checkpoint models/abl_attention_170k/model_12.pth
Epoch 13, Train Loss: 223.4373
Epoch 13, Validation Loss: 232.6444
Saved epoch checkpoint models/abl_attention_170k/model_13.pth
Epoch 14, Train Loss: 221.1692
Epoch 14, Validation Loss: 237.1198
Saved epoch checkpoint models/abl_attention_170k/model_14.pth
Epoch 15, Train Loss: 219.2068
Epoch 15, Validation Loss: 230.8574
Saved epoch checkpoint models/abl_attention_170k/model_15.pth
Epoch 16, Train Loss: 217.8795
Epoch 16, Validation Loss: 236.5382
Saved epoch checkpoint models/abl_attention_170k/model_16.pth
Epoch 17, Train Loss: 211.4541
Epoch 17, Validation Loss: 228.0831
Saved epoch checkpoint models/abl_attention_170k/model_17.pth
Saved new best model
Epoch 18, Train Loss: 209.1138
Epoch 18, Validation Loss: 223.1487
Saved epoch checkpoint models/abl_attention_170k/model_18.pth
Saved new best model
Epoch 19, Train Loss: 208.0860
Epoch 19, Validation Loss: 223.3838
Saved epoch checkpoint models/abl_attention_170k/model_19.pth
Epoch 20, Train Loss: 206.9893
Epoch 20, Validation Loss: 226.7960
Saved epoch checkpoint models/abl_attention_170k/model_20.pth
Epoch 21, Train Loss: 205.6616
Epoch 21, Validation Loss: 224.7722
Saved epoch checkpoint models/abl_attention_170k/model_21.pth
Epoch 22, Train Loss: 203.9542
Epoch 22, Validation Loss: 227.0600
Saved epoch checkpoint models/abl_attention_170k/model_22.pth
Epoch 23, Train Loss: 203.4030
Epoch 23, Validation Loss: 223.2956
Saved epoch checkpoint models/abl_attention_170k/model_23.pth
Epoch 24, Train Loss: 201.8753
Epoch 24, Validation Loss: 229.1478
Saved epoch checkpoint models/abl_attention_170k/model_24.pth
Epoch 25, Train Loss: 198.0528
Epoch 25, Validation Loss: 225.2446
Saved epoch checkpoint models/abl_attention_170k/model_25.pth
Epoch 26, Train Loss: 196.5836
Epoch 26, Validation Loss: 225.7958
Saved epoch checkpoint models/abl_attention_170k/model_26.pth
Epoch 27, Train Loss: 196.1595
Epoch 27, Validation Loss: 224.3493
Saved epoch checkpoint models/abl_attention_170k/model_27.pth
Epoch 28, Train Loss: 195.0532
Epoch 28, Validation Loss: 228.8231
Saved epoch checkpoint models/abl_attention_170k/model_28.pth
Epoch 29, Train Loss: 193.9618
Epoch 29, Validation Loss: 227.4543
Saved epoch checkpoint models/abl_attention_170k/model_29.pth
Epoch 30, Train Loss: 193.6013
Epoch 30, Validation Loss: 223.2834
Saved epoch checkpoint models/abl_attention_170k/model_30.pth
Epoch 31, Train Loss: 191.0672
Epoch 31, Validation Loss: 227.9382
Saved epoch checkpoint models/abl_attention_170k/model_31.pth
Epoch 32, Train Loss: 190.5250
Epoch 32, Validation Loss: 226.2166
Saved epoch checkpoint models/abl_attention_170k/model_32.pth
Epoch 33, Train Loss: 190.0933
Epoch 33, Validation Loss: 227.5755
Saved epoch checkpoint models/abl_attention_170k/model_33.pth
Epoch 34, Train Loss: 189.4922
Epoch 34, Validation Loss: 228.0810
Saved epoch checkpoint models/abl_attention_170k/model_34.pth
Epoch 35, Train Loss: 189.2657
Epoch 35, Validation Loss: 226.5331
Saved epoch checkpoint models/abl_attention_170k/model_35.pth
Epoch 36, Train Loss: 189.0441
Epoch 36, Validation Loss: 229.7977
Saved epoch checkpoint models/abl_attention_170k/model_36.pth
Epoch 37, Train Loss: 187.1088
Epoch 37, Validation Loss: 227.4271
Saved epoch checkpoint models/abl_attention_170k/model_37.pth
Epoch 38, Train Loss: 186.9764
Epoch 38, Validation Loss: 226.1774
Saved epoch checkpoint models/abl_attention_170k/model_38.pth
Epoch 39, Train Loss: 186.6837
Epoch 39, Validation Loss: 227.8788
Saved epoch checkpoint models/abl_attention_170k/model_39.pth
Epoch 40, Train Loss: 186.5017
Epoch 40, Validation Loss: 227.4388
Saved epoch checkpoint models/abl_attention_170k/model_40.pth
Epoch 41, Train Loss: 186.3570
Epoch 41, Validation Loss: 229.0653
Saved epoch checkpoint models/abl_attention_170k/model_41.pth
Epoch 42, Train Loss: 185.7327
Epoch 42, Validation Loss: 228.0982
Saved epoch checkpoint models/abl_attention_170k/model_42.pth
Epoch 43, Train Loss: 185.4846
Epoch 43, Validation Loss: 227.9485
Saved epoch checkpoint models/abl_attention_170k/model_43.pth
Epoch 44, Train Loss: 185.2704
Epoch 44, Validation Loss: 228.4154
Saved epoch checkpoint models/abl_attention_170k/model_44.pth
Epoch 45, Train Loss: 185.3407
Epoch 45, Validation Loss: 227.4602
Saved epoch checkpoint models/abl_attention_170k/model_45.pth
Epoch 46, Train Loss: 184.9492
Epoch 46, Validation Loss: 229.3521
Saved epoch checkpoint models/abl_attention_170k/model_46.pth
Epoch 47, Train Loss: 185.1418
Epoch 47, Validation Loss: 229.5453
Saved epoch checkpoint models/abl_attention_170k/model_47.pth
Epoch 48, Train Loss: 185.1412
Epoch 48, Validation Loss: 227.9870
Saved epoch checkpoint models/abl_attention_170k/model_48.pth
Epoch 49, Train Loss: 184.6985
Epoch 49, Validation Loss: 229.4978
Saved epoch checkpoint models/abl_attention_170k/model_49.pth
Epoch 50, Train Loss: 184.0413
Epoch 50, Validation Loss: 229.0967
Saved epoch checkpoint models/abl_attention_170k/model_50.pth
Epoch 51, Train Loss: 183.9910
Epoch 51, Validation Loss: 229.1290
Saved epoch checkpoint models/abl_attention_170k/model_51.pth
Epoch 52, Train Loss: 184.5156
Epoch 52, Validation Loss: 227.6730
Saved epoch checkpoint models/abl_attention_170k/model_52.pth
Epoch 53, Train Loss: 184.4634
Epoch 53, Validation Loss: 228.8216
Saved epoch checkpoint models/abl_attention_170k/model_53.pth
Epoch 54, Train Loss: 184.2408
Epoch 54, Validation Loss: 228.8714
Saved epoch checkpoint models/abl_attention_170k/model_54.pth
Epoch 55, Train Loss: 184.0958
Epoch 55, Validation Loss: 228.5270
Saved epoch checkpoint models/abl_attention_170k/model_55.pth
Epoch 56, Train Loss: 183.7074
Epoch 56, Validation Loss: 227.7547
Saved epoch checkpoint models/abl_attention_170k/model_56.pth
Epoch 57, Train Loss: 183.4702
Epoch 57, Validation Loss: 228.6558
Saved epoch checkpoint models/abl_attention_170k/model_57.pth
Epoch 58, Train Loss: 183.9094
Epoch 58, Validation Loss: 227.8633
Saved epoch checkpoint models/abl_attention_170k/model_58.pth
