Device: cuda
Training model
Epoch 1, Train Loss: 280.6879
Epoch 1, Validation Loss: 263.0213
Saved epoch checkpoint models/abl_baseline_170k/model_1.pth
Saved new best model
Epoch 2, Train Loss: 264.5965
Epoch 2, Validation Loss: 272.7516
Saved epoch checkpoint models/abl_baseline_170k/model_2.pth
Epoch 3, Train Loss: 257.5895
Epoch 3, Validation Loss: 248.3259
Saved epoch checkpoint models/abl_baseline_170k/model_3.pth
Saved new best model
Epoch 4, Train Loss: 252.7128
Epoch 4, Validation Loss: 270.3393
Saved epoch checkpoint models/abl_baseline_170k/model_4.pth
Epoch 5, Train Loss: 248.5272
Epoch 5, Validation Loss: 246.7103
Saved epoch checkpoint models/abl_baseline_170k/model_5.pth
Saved new best model
Epoch 6, Train Loss: 245.5709
Epoch 6, Validation Loss: 242.4937
Saved epoch checkpoint models/abl_baseline_170k/model_6.pth
Saved new best model
Epoch 7, Train Loss: 242.5577
Epoch 7, Validation Loss: 239.9758
Saved epoch checkpoint models/abl_baseline_170k/model_7.pth
Saved new best model
Epoch 8, Train Loss: 239.8402
Epoch 8, Validation Loss: 243.9727
Saved epoch checkpoint models/abl_baseline_170k/model_8.pth
Epoch 9, Train Loss: 237.2866
Epoch 9, Validation Loss: 236.3710
Saved epoch checkpoint models/abl_baseline_170k/model_9.pth
Saved new best model
Epoch 10, Train Loss: 235.5199
Epoch 10, Validation Loss: 233.2547
Saved epoch checkpoint models/abl_baseline_170k/model_10.pth
Saved new best model
Epoch 11, Train Loss: 233.3230
Epoch 11, Validation Loss: 235.0498
Saved epoch checkpoint models/abl_baseline_170k/model_11.pth
Epoch 12, Train Loss: 231.1612
Epoch 12, Validation Loss: 234.8837
Saved epoch checkpoint models/abl_baseline_170k/model_12.pth
Epoch 13, Train Loss: 229.9540
Epoch 13, Validation Loss: 232.4019
Saved epoch checkpoint models/abl_baseline_170k/model_13.pth
Saved new best model
Epoch 14, Train Loss: 227.9103
Epoch 14, Validation Loss: 233.5755
Saved epoch checkpoint models/abl_baseline_170k/model_14.pth
Epoch 15, Train Loss: 226.7044
Epoch 15, Validation Loss: 230.3965
Saved epoch checkpoint models/abl_baseline_170k/model_15.pth
Saved new best model
Epoch 16, Train Loss: 225.4606
Epoch 16, Validation Loss: 229.7185
Saved epoch checkpoint models/abl_baseline_170k/model_16.pth
Saved new best model
Epoch 17, Train Loss: 223.4345
Epoch 17, Validation Loss: 235.4122
Saved epoch checkpoint models/abl_baseline_170k/model_17.pth
Epoch 18, Train Loss: 222.1505
Epoch 18, Validation Loss: 235.2159
Saved epoch checkpoint models/abl_baseline_170k/model_18.pth
Epoch 19, Train Loss: 220.6502
Epoch 19, Validation Loss: 229.4309
Saved epoch checkpoint models/abl_baseline_170k/model_19.pth
Saved new best model
Epoch 20, Train Loss: 219.1727
Epoch 20, Validation Loss: 264.2206
Saved epoch checkpoint models/abl_baseline_170k/model_20.pth
Epoch 21, Train Loss: 217.9943
Epoch 21, Validation Loss: 230.3116
Saved epoch checkpoint models/abl_baseline_170k/model_21.pth
Epoch 22, Train Loss: 215.4919
Epoch 22, Validation Loss: 231.9423
Saved epoch checkpoint models/abl_baseline_170k/model_22.pth
Epoch 23, Train Loss: 214.2803
Epoch 23, Validation Loss: 236.8096
Saved epoch checkpoint models/abl_baseline_170k/model_23.pth
Epoch 24, Train Loss: 213.3166
Epoch 24, Validation Loss: 228.2592
Saved epoch checkpoint models/abl_baseline_170k/model_24.pth
Saved new best model
Epoch 25, Train Loss: 211.8166
Epoch 25, Validation Loss: 227.4614
Saved epoch checkpoint models/abl_baseline_170k/model_25.pth
Saved new best model
Epoch 26, Train Loss: 210.8860
Epoch 26, Validation Loss: 233.5348
Saved epoch checkpoint models/abl_baseline_170k/model_26.pth
Epoch 27, Train Loss: 209.9459
Epoch 27, Validation Loss: 228.3970
Saved epoch checkpoint models/abl_baseline_170k/model_27.pth
Epoch 28, Train Loss: 208.4821
Epoch 28, Validation Loss: 231.4519
Saved epoch checkpoint models/abl_baseline_170k/model_28.pth
Epoch 29, Train Loss: 207.2020
Epoch 29, Validation Loss: 237.0505
Saved epoch checkpoint models/abl_baseline_170k/model_29.pth
Epoch 30, Train Loss: 205.8692
Epoch 30, Validation Loss: 229.4061
Saved epoch checkpoint models/abl_baseline_170k/model_30.pth
Epoch 31, Train Loss: 204.8569
Epoch 31, Validation Loss: 235.1027
Saved epoch checkpoint models/abl_baseline_170k/model_31.pth
Epoch 32, Train Loss: 197.9832
Epoch 32, Validation Loss: 231.5496
Saved epoch checkpoint models/abl_baseline_170k/model_32.pth
Epoch 33, Train Loss: 196.2836
Epoch 33, Validation Loss: 225.9011
Saved epoch checkpoint models/abl_baseline_170k/model_33.pth
Saved new best model
Epoch 34, Train Loss: 195.4481
Epoch 34, Validation Loss: 226.0834
Saved epoch checkpoint models/abl_baseline_170k/model_34.pth
Epoch 35, Train Loss: 194.2909
Epoch 35, Validation Loss: 226.4312
Saved epoch checkpoint models/abl_baseline_170k/model_35.pth
Epoch 36, Train Loss: 193.2395
Epoch 36, Validation Loss: 228.7893
Saved epoch checkpoint models/abl_baseline_170k/model_36.pth
Epoch 37, Train Loss: 192.1197
Epoch 37, Validation Loss: 232.9670
Saved epoch checkpoint models/abl_baseline_170k/model_37.pth
Epoch 38, Train Loss: 191.6816
Epoch 38, Validation Loss: 226.4464
Saved epoch checkpoint models/abl_baseline_170k/model_38.pth
Epoch 39, Train Loss: 189.9451
Epoch 39, Validation Loss: 229.5489
Saved epoch checkpoint models/abl_baseline_170k/model_39.pth
Epoch 40, Train Loss: 186.4848
Epoch 40, Validation Loss: 230.5200
Saved epoch checkpoint models/abl_baseline_170k/model_40.pth
Epoch 41, Train Loss: 185.7652
Epoch 41, Validation Loss: 226.9843
Saved epoch checkpoint models/abl_baseline_170k/model_41.pth
Epoch 42, Train Loss: 184.9095
Epoch 42, Validation Loss: 232.1518
Saved epoch checkpoint models/abl_baseline_170k/model_42.pth
Epoch 43, Train Loss: 184.4689
Epoch 43, Validation Loss: 229.9352
Saved epoch checkpoint models/abl_baseline_170k/model_43.pth
Epoch 44, Train Loss: 183.8671
Epoch 44, Validation Loss: 229.5200
Saved epoch checkpoint models/abl_baseline_170k/model_44.pth
Epoch 45, Train Loss: 183.1942
Epoch 45, Validation Loss: 228.3541
Saved epoch checkpoint models/abl_baseline_170k/model_45.pth
Epoch 46, Train Loss: 181.2402
Epoch 46, Validation Loss: 229.1053
Saved epoch checkpoint models/abl_baseline_170k/model_46.pth
Epoch 47, Train Loss: 180.5043
Epoch 47, Validation Loss: 229.7645
Saved epoch checkpoint models/abl_baseline_170k/model_47.pth
Epoch 48, Train Loss: 180.1932
Epoch 48, Validation Loss: 229.3165
Saved epoch checkpoint models/abl_baseline_170k/model_48.pth
Epoch 49, Train Loss: 179.9339
Epoch 49, Validation Loss: 231.5653
Saved epoch checkpoint models/abl_baseline_170k/model_49.pth
Epoch 50, Train Loss: 179.8990
Epoch 50, Validation Loss: 229.1798
Saved epoch checkpoint models/abl_baseline_170k/model_50.pth
Epoch 51, Train Loss: 179.2785
Epoch 51, Validation Loss: 232.3889
Saved epoch checkpoint models/abl_baseline_170k/model_51.pth
Epoch 52, Train Loss: 177.9884
Epoch 52, Validation Loss: 229.1726
Saved epoch checkpoint models/abl_baseline_170k/model_52.pth
Epoch 53, Train Loss: 177.6194
Epoch 53, Validation Loss: 228.9384
Saved epoch checkpoint models/abl_baseline_170k/model_53.pth
Epoch 54, Train Loss: 177.5731
Epoch 54, Validation Loss: 230.2253
Saved epoch checkpoint models/abl_baseline_170k/model_54.pth
Epoch 55, Train Loss: 177.4575
Epoch 55, Validation Loss: 230.5334
Saved epoch checkpoint models/abl_baseline_170k/model_55.pth
Epoch 56, Train Loss: 177.0435
Epoch 56, Validation Loss: 232.1189
Saved epoch checkpoint models/abl_baseline_170k/model_56.pth
Epoch 57, Train Loss: 176.5326
Epoch 57, Validation Loss: 230.5366
Saved epoch checkpoint models/abl_baseline_170k/model_57.pth
Epoch 58, Train Loss: 176.3809
Epoch 58, Validation Loss: 230.2299
Saved epoch checkpoint models/abl_baseline_170k/model_58.pth
Epoch 59, Train Loss: 176.3637
Epoch 59, Validation Loss: 229.7943
Saved epoch checkpoint models/abl_baseline_170k/model_59.pth
Epoch 60, Train Loss: 176.3789
Epoch 60, Validation Loss: 229.8365
Saved epoch checkpoint models/abl_baseline_170k/model_60.pth
Training duration (min): 253.28192552725474
best val loss: 225.90109939575194
best val epoch: 32
